// Jest Snapshot v1, https://goo.gl/fbAQLP

exports[`batchCancelOrdersPopup should trigger pop ups if there are pending orders 1`] = `
Object {
  "payload": Object {
    "id": "0x001",
    "popup": Object {
      "content": Object {
        "metatxn": Object {
          "id": "0x001",
          "success": true,
          "summary": <buildCancellationPopupSummary__Wrapper>
            <p>
              Order successfully cancelled
            </p>
            <p>
              Order 
              <strong>
                0x001
              </strong>
              :
            </p>
            <styled__CancellationSummary
              as="p"
            >
              summary
            </styled__CancellationSummary>
          </buildCancellationPopupSummary__Wrapper>,
        },
      },
      "key": "0x001_undefined",
    },
  },
  "type": "application/addPopup",
}
`;
