// Jest Snapshot v1, https://goo.gl/fbAQLP

exports[`batchFulfillOrderPopup should trigger pop ups if there are pending orders 1`] = `
Object {
  "payload": Object {
    "id": "0x001",
    "popup": Object {
      "content": Object {
        "metatxn": Object {
          "id": "0x001",
          "success": true,
          "summary": <ExecutedSummary
            order={
              Object {
                "activityId": undefined,
                "activityTitle": "Order ID",
                "executedBuyAmount": JSBI [],
                "executedFeeAmount": undefined,
                "executedPrice": null,
                "executedSellAmount": JSBI [],
                "executedSurplusFee": null,
                "expirationTime": Date { NaN },
                "filledAmount": "0",
                "filledPercentage": "0",
                "formattedPercentage": 0,
                "fullyFilled": false,
                "orderClass": "market",
                "orderCreationHash": "0xhash",
                "parsedCreationTime": Date { NaN },
                "partiallyFilled": false,
                "summary": "summary",
                "surplusAmount": "0",
                "surplusPercentage": "0",
              }
            }
          />,
        },
      },
      "key": "0x001_fulfilled",
    },
  },
  "type": "application/addPopup",
}
`;
